1284
0
-1
94
96
-1
97
97
6
1503
1433
-3
1527
-2
-3
1184
97
1447
98
1221
94
1112
-4
98
1671
