1
96
99
1
1458
1772
1
1715
7
1
1506
95
1713
97
1510
96
1693
2
100
1698
100
1995
1
2158
2
0
1
