2305
1
1795
1
0
1676
100
2001
100
1866
101
1663
2
96
1669
95
2387
0
1713
0
0
0
2441
97
1897
2399
-1
95
-2
97
