2508
96
1893
99
1771
99
1728
2
100
2071
101
1921
3
2078
2
3
3
1986
101
2036
1901
4
100
3
100
1792
2448
2132
4
1
2132
3
