98
2223
1
100
2127
98
2148
2
2033
2
3
4
2685
100
2395
2025
2
100
1
91
2421
2708
2109
1
2
2629
0
2419
0
2346
96
99
2
2030
2
