98
2668
2
2285
-2
1
-1
2126
93
2216
2312
-1
97
-3
97
2373
2949
2073
-4
-4
2005
-4
2862
-4
2914
97
92
-3
2963
-3
95
98
99
6
-6
-1
99
