1
3
2457
97
3089
2395
1
97
0
99
2671
2618
2301
-1
1
2620
0
2419
0
2292
98
94
-2
2682
1
97
98
98
-2
-2
2
98
-1
2679
97
-1
2165
97
98
97
