2944
2
98
0
93
3053
2834
2745
0
-2
2337
-3
2782
-3
2441
95
96
-2
2851
-3
97
95
95
-1
-3
-1
95
-2
2636
95
-4
2936
96
96
94
96
2425
97
3106
2342
-2
3304
