3027
3260
3004
-1
-1
2662
-2
2555
-1
2955
96
95
-2
2721
-2
95
95
96
2
1
-2
95
-2
2647
92
1
2593
98
92
94
97
3201
98
3312
2958
0
2864
3343
-1
97
100
3231
99
3039
91
