2824
0
3281
-1
2859
97
98
2
3547
2
92
97
93
-1
1
-1
99
1
3360
97
-1
3096
100
100
100
101
3370
102
2944
3371
-2
2847
3371
5
103
93
3153
103
3179
102
2
101
-5
89
2678
3159
0
