93
97
2
2945
0
99
91
92
0
-1
1
100
0
3537
97
0
3251
93
100
93
100
3263
101
3070
3116
1
3161
3358
0
95
95
3330
101
3182
94
1
93
-3
92
3131
3062
3
3023
1
3124
-5
93
-4
92
-5
