98
93
97
1
0
0
94
0
3123
93
2
3120
97
97
96
95
3709
98
3246
3881
-1
3905
3329
0
98
99
3676
96
3718
97
-3
94
-4
97
3728
3133
-5
3050
-5
3069
3
96
-1
93
1
3178
3163
93
3591
3264
3640
3318
