0
99
0
3437
97
0
3703
98
99
99
99
3974
100
3956
3772
5
4189
3746
3
95
100
3612
98
3361
95
3
94
-2
99
3339
3888
0
3450
1
3700
-2
99
1
97
-2
3730
3642
94
3673
3573
3309
3006
3025
3892
-5
3349
97
-1
97
-6
