0
98
0
99
1
1
100
2
3509
3774
3916
-1
103
3894
0
104
4298
3657
3735
99
103
4042
8
99
1
4179
0
98
-1
1
0
3681
3514
4
-1
3901
3771
98
-2
99
3830
99
99
3
4036
3633
3686
3722
4086
0
0
97
-1
-2
98
4066
-1
