0
100
1
4245
3859
4257
-2
98
3826
0
102
3902
3809
3917
101
101
3759
1
102
2
4169
1
101
0
0
0
3890
3632
0
-1
3824
3818
99
0
101
3802
100
100
-1
4111
4165
4068
4070
4150
0
0
99
-1
-1
102
4009
0
4018
100
1
-1
-1
0
3801
102
