4316
0
100
4325
2
100
4029
3960
4435
101
95
4113
0
99
0
3913
0
100
-1
-2
-2
3900
3906
-1
0
3853
3795
97
1
99
3935
97
100
-1
4277
3961
3821
3974
4159
-1
-1
98
0
0
98
4388
-1
3879
98
0
1
0
0
4543
100
101
0
4620
100
4544
0
4073
