99
4141
4471
4471
98
98
4099
-2
100
1
4501
-3
96
-2
-2
-2
3827
4185
-5
-1
4406
4063
100
-6
95
4115
101
101
-1
3901
3894
4162
4493
4553
-1
-8
95
-8
4
96
4037
-5
4000
93
-7
-2
-6
0
4638
103
95
1
4039
95
4621
-4
4382
97
3799
100
101
-5
-6
101
3
