99
4316
-1
99
1
4511
-1
99
-2
-2
-2
4171
3884
-1
-1
4200
4210
97
0
99
4315
101
97
-3
4372
4581
4211
4292
4171
0
0
99
-3
-2
99
4174
2
4133
97
-4
-4
1
-3
4279
102
97
-3
4249
98
4537
-3
4259
99
4342
99
102
-1
-5
98
-1
0
4782
98
0
-3
100
4493
