5228
0
98
-1
-1
-2
4659
4185
-2
-2
4112
4132
97
0
100
4456
97
96
-5
5313
4174
4282
5566
5457
-5
-5
95
-5
0
102
3931
1
4302
102
-7
2
1
-5
4701
102
97
2
4545
101
4244
-4
5367
96
4038
102
102
0
4
100
3
-5
4562
96
-4
5
101
5381
96
5273
96
-4
100
3934
-5
4110
