-1
4738
4600
-2
-2
4396
5124
97
-2
97
4439
97
101
-1
5072
5230
4879
4860
4922
1
1
99
2
2
100
5288
1
4806
99
3
1
1
1
4918
102
101
0
5194
100
4775
-1
5002
102
5087
100
103
3
2
101
3
1
4578
100
2
0
103
4881
103
5022
101
-2
102
4725
-3
4610
103
102
-3
101
102
-1
101
