5270
4731
99
0
100
5578
100
97
-2
5192
5040
5066
4679
5455
3
2
99
-2
-1
98
5430
5
5448
95
0
5
5
-2
5009
100
103
2
5581
95
5560
-2
5579
101
5563
100
96
0
-1
100
-2
-2
5502
100
0
-1
103
4569
101
5281
99
0
97
4738
-3
5179
99
96
-4
101
101
-3
103
9
-3
5605
5548
5571
106
-4
-1
