5242
99
98
-2
5300
4975
4715
5542
5670
0
-1
99
-2
-2
101
5515
3
5488
98
-3
-2
-1
-1
5177
102
102
2
4955
102
5045
1
5774
99
4883
99
100
-3
-3
99
0
-2
5523
98
-3
2
98
5377
105
4612
100
1
99
4541
0
4542
102
100
-5
95
96
1
100
-2
-2
5445
4633
5486
98
5
-2
5614
99
104
6065
99
-1
105
