5275
5295
5568
5080
-1
-2
97
-2
2
98
5053
2
5544
99
-3
3
3
3
4918
103
96
2
5892
97
5346
4
5829
104
5676
103
99
3
3
103
-4
2
5615
103
3
-3
97
5992
102
6453
105
-4
103
4898
0
4656
103
102
1
102
103
-3
104
1
-1
4929
4830
6149
98
2
-3
5933
99
107
6052
104
-1
100
5010
106
101
5828
98
4859
6338
5065
