0
99
0
1
99
5656
0
5147
96
0
-2
-1
3
5912
101
101
2
5371
100
5135
0
5884
102
5747
99
101
1
0
99
1
2
6054
101
-4
-4
102
5194
103
5186
102
-1
99
4917
1
6002
94
100
-6
99
100
0
103
1
5
6438
5122
6047
104
-4
-4
6205
97
103
5511
97
2
100
5940
103
96
6358
103
5971
5568
5716
3
103
5131
102
103
-5
4975
