5850
1
5347
99
0
0
0
0
6274
101
98
1
6230
102
5665
-1
5090
101
6245
103
100
0
-1
98
-2
-4
5432
99
0
4
107
5332
108
6859
107
-7
98
4667
1
5760
106
106
5
94
107
-4
105
-3
-2
5008
5221
5058
110
-1
-2
5260
112
98
6822
98
2
111
6711
97
103
6821
95
6641
5727
5760
-4
107
4913
99
104
0
4993
5
1
95
106
111
4
112
112
