1
0
2
5748
100
102
2
6162
101
6139
0
6607
101
6207
98
101
1
0
98
1
1
5898
97
0
1
99
5570
103
5517
102
1
100
5382
-1
5512
99
97
-1
98
101
0
98
0
1
6057
6110
5630
99
0
-1
5931
101
104
5772
102
2
104
5609
99
103
5748
99
6253
6139
5428
-2
102
5677
99
101
4
5662
0
-1
100
100
102
4
102
102
6076
6174
102
99
99
100
100
