97
0
6043
99
5750
1
6168
99
5721
97
99
-3
-1
102
-4
-2
5766
99
-3
-2
97
6397
102
5991
104
-5
96
5979
-8
6171
101
92
-8
104
98
1
104
-1
1
5942
6269
5726
96
-6
-7
6437
97
96
6716
106
-7
101
5697
99
96
5696
98
6120
6012
5230
-10
94
5559
99
99
-7
6498
-7
-1
104
97
95
2
103
102
6335
5608
99
99
95
101
98
-5
6202
100
5731
5794
-2
-2
5951
