0
6383
99
5980
99
99
-1
-2
97
0
0
6008
97
1
2
102
6731
102
6423
98
-2
98
6139
-2
6374
100
96
0
98
101
0
102
3
0
5866
6319
6509
102
-1
3
5807
98
103
6443
100
0
101
6161
100
100
6102
100
6274
5869
5981
0
99
6154
97
102
0
6419
3
-2
100
99
96
-1
100
99
6487
6240
98
99
98
98
101
-2
6452
99
5879
6052
-3
0
6172
5528
98
-1
97
5816
6109
98
