99
-1
-2
99
-3
1
6390
101
2
-3
102
6558
97
6531
101
0
102
6467
0
5843
102
102
2
100
103
-7
101
-5
1
6329
6657
5991
97
2
3
6903
104
106
6812
104
5
103
6797
102
99
5741
100
6148
6144
5976
-10
104
6570
100
101
0
6442
-7
-8
104
99
104
-6
105
105
6585
6235
99
100
104
99
106
-4
6679
98
6433
5997
-6
-3
6021
5924
95
-5
95
6049
6171
96
96
6123
5925
6050
6150
103
6006
-5
