1
6454
99
1
1
100
6795
98
6813
102
0
98
6530
-3
6465
101
97
-3
102
98
0
100
0
1
6849
6528
6886
101
1
0
6948
102
102
6764
100
3
102
6860
102
100
6321
101
6522
6350
6443
-1
100
6522
100
100
0
6592
1
0
101
99
99
-1
101
99
6478
7019
102
97
100
102
102
-1
6583
100
6486
6333
2
-3
6213
6111
96
-3
98
6149
6093
98
97
6225
6042
6395
6408
98
6462
-2
-1
97
6646
-2
99
100
-1
