100
6575
99
6454
98
-1
97
6777
-2
6341
98
98
-1
99
100
-2
100
-1
2
7327
6068
6959
103
4
-1
7096
105
104
6216
105
-1
98
7511
103
102
7010
103
7226
7310
7493
-5
101
6928
96
105
-1
7651
-4
2
106
97
105
3
107
106
7596
7267
97
101
106
107
107
-3
5782
97
7191
7158
3
-3
6043
7293
102
1
102
5980
6129
97
104
5656
5888
6120
5974
104
6554
-6
-6
105
5955
-5
105
107
-5
-7
6006
-2
7103
5939
108
5939
5936
