-1
97
6577
-3
6676
97
96
-3
98
99
-1
99
2
1
6910
6805
6849
100
1
0
7134
101
101
6889
104
1
103
6938
99
98
6952
102
6778
6739
6902
0
103
7160
98
101
-3
6985
2
2
102
98
102
1
102
100
7137
7126
99
99
98
98
104
-2
6999
98
6914
6741
-5
-5
6430
6393
96
-6
95
6490
6097
95
96
6449
6346
6612
6795
98
6459
-3
-4
98
6900
-1
101
102
-1
-2
7333
3
7287
6404
102
6315
7387
7145
98
-5
106
6507
-4
6751
