100
100
0
100
100
1
101
0
1
7383
6875
7817
100
2
2
7721
103
104
7443
104
5
103
7552
103
101
7054
102
7078
6701
7126
0
102
7214
102
102
1
6985
1
1
101
101
101
4
100
99
7202
7194
99
101
102
100
100
1
6706
99
6914
6940
-1
-5
7176
6667
108
-7
97
6716
6396
96
97
7120
6229
7368
7505
96
6356
-4
-3
108
7109
-2
98
98
4
-4
7691
4
7615
7289
107
7598
7324
7444
107
-5
98
6514
2
7227
107
7178
106
102
6320
1
97
7160
