0
101
1
1
7315
7111
7483
100
2
2
7215
101
103
7443
104
3
99
7392
99
102
7042
99
6745
7033
7019
-2
99
6991
99
100
-3
7376
-4
0
99
98
98
-5
98
97
7174
7929
99
99
98
98
100
1
6518
99
7507
7163
-5
-6
6170
6942
98
-6
100
5939
6686
102
100
7303
7592
7489
7038
95
6047
0
-1
99
7617
0
99
102
-8
-1
7648
-1
6341
7432
97
6389
6031
5961
96
1
101
7468
-4
6953
104
6312
102
102
5949
-7
104
7782
0
7663
-8
101
6
98
8087
