7163
7224
100
1
1
7732
100
100
7773
101
0
98
7514
100
100
6703
99
6519
7416
7638
-4
100
7743
95
96
-5
7685
-5
3
101
101
97
-7
102
101
7534
7093
102
102
101
100
99
1
7595
99
7382
7279
-6
-6
7219
7161
96
-6
94
6667
6798
94
96
6583
6829
7164
6569
96
7217
-5
-6
95
6601
-5
99
98
-1
-6
7354
-5
7569
7558
97
7158
6885
7085
100
-4
100
6726
-2
6827
97
6929
100
96
6815
-4
97
6855
-5
7520
-4
101
-3
101
7320
100
7532
101
7738
102
103
2
7974
