7640
99
99
7581
100
0
98
7552
98
98
7154
97
7072
6948
7196
-2
99
7360
98
98
-2
7553
-3
-4
101
100
99
-3
98
100
7336
7733
99
97
99
99
96
-1
7653
98
6883
7271
-3
-4
7340
7001
98
-6
92
7130
7219
93
93
6732
6899
7026
7074
98
6796
-5
-6
94
7171
-4
98
99
-4
-3
7206
-3
7259
7154
99
7172
7567
7481
97
-4
99
7040
-6
7396
98
7050
97
100
7121
-5
97
7092
-3
7372
-4
98
-4
97
7523
97
7483
103
7696
104
104
-2
7652
7937
7588
-3
7517
96
-3
105
