-1
97
7491
98
95
7228
98
7058
7107
6950
-5
96
7406
97
99
-3
7326
-4
-4
99
92
95
-6
98
97
7574
7568
97
96
100
100
98
-7
7138
97
7069
6943
-9
-8
6930
6870
97
-12
96
6968
6515
102
90
7422
7280
6274
6571
102
6440
-6
-13
90
7223
-8
91
94
-1
1
7765
-7
7932
7929
96
6989
7748
7975
99
-14
90
7712
-15
6870
94
6111
105
105
6033
-18
98
6189
1
6670
-8
94
-14
102
7291
108
7358
101
8068
94
94
2
8305
8029
8305
0
8299
102
-13
92
-9
8073
100
2
104
95
101
7948
