7475
97
7696
7785
7999
-3
98
7593
97
101
2
8355
-3
0
103
99
98
-6
96
96
7382
8385
98
98
105
105
97
0
8235
104
7606
6908
-4
0
8075
6408
94
-6
93
7141
8144
96
96
6388
6256
6399
7867
93
6211
-12
-12
103
8637
-12
107
108
6
-12
6968
-10
6505
7710
92
8909
8871
6440
98
-11
105
8151
-11
7499
104
6577
104
104
6175
-12
105
8384
2
6687
-6
106
3
95
7964
106
7087
109
7041
99
97
3
8201
7981
8926
-7
8107
101
-2
107
2
7365
105
3
105
100
99
8608
-5
5
107
7161
105
-11
3
