1
100
8388
100
101
0
8205
1
2
101
99
100
0
104
103
8507
8505
99
101
101
100
100
-1
8062
100
7963
7970
-3
-4
7810
7472
95
-4
99
7834
7369
99
99
7391
7309
7933
7734
98
7637
-2
-3
96
7618
-2
101
102
-1
0
8391
1
7964
7957
100
8611
8477
8322
99
-1
102
9001
-1
8257
100
7789
99
99
7302
-4
97
8543
-3
7721
0
104
-1
100
8660
105
8112
105
9407
106
106
0
7549
8526
9486
5
8041
106
4
107
-2
8248
105
4
98
106
107
9807
-4
1
96
7295
104
-4
4
107
9098
-3
4
-2
101
4
-2
