0
8216
1
-1
100
98
98
0
103
103
8604
7453
96
102
103
99
102
-4
7383
102
7659
7813
-6
-1
8125
7779
97
-6
95
8065
7787
97
97
7724
7767
7521
7966
97
8171
-6
-6
100
8272
-1
100
99
-6
-6
8278
-5
7411
8506
103
7798
8732
7633
99
-5
98
7680
-3
7670
101
8151
100
100
7772
-4
96
7483
-8
8143
-7
101
-7
98
7913
105
7763
97
8111
105
105
0
8918
8809
8445
0
7887
103
-5
105
-4
7612
104
0
96
96
104
8438
1
-4
106
8666
106
-8
-7
106
7451
-4
-6
-6
97
-3
-5
-3
-6
102
103
7364
8332
107
