98
98
1
98
98
8162
7882
98
101
98
101
101
-1
8469
100
8230
8029
-2
-3
7891
8405
98
-6
96
8197
7480
98
98
7204
7452
7564
8015
100
7479
-1
-5
99
8009
1
97
101
-2
-5
7861
0
8650
8277
100
8922
8560
8648
101
-2
101
7658
-6
8772
101
8776
100
99
8106
0
99
7861
-5
8679
-3
102
-2
103
8609
105
8680
105
9232
106
107
-2
8954
9447
7789
-5
8819
97
7
106
-2
8996
105
-6
99
105
106
7987
-7
2
96
8862
99
-10
-10
105
9129
-3
5
-8
106
4
-3
-9
-10
108
106
9429
9194
108
8889
8050
108
106
9624
-9
106
7580
