1008
1031
10
85
836
2
12
3
94
9
88
827
995
680
-4
