1
2
7
94
11
95
1135
989
835
0
96
89
1144
101
82
1032
0
