94
981
948
1184
2
95
94
1075
96
99
1347
4
1
99
95
2
94
93
3
1111
