94
98
1508
95
94
1472
9
2
95
92
9
92
91
1
1499
1250
1
1187
1
1
1360
90
