9
9
15
9
8
9
10
-8
10
-2
52
-8
10
-8
37
9
9
4
-8
5
9
-19
11
120
12
11
13
-8
-5
134
10
122
143
-8
41
-8
100
13
-8
92
12
3
155
11
-4
-6
13
13
13
13
-8
-5
111
13
12
13
14
12
118
182
11
10
87
36
11
15
10
11
-4
-7
-3
13
16
12
9
