9
-7
-2
8
-18
-10
-10
-10
-10
8
8
8
8
8
8
8
8
8
8
-11
7
-11
20
4
7
1
7
7
7
-11
3
7
3
7
-12
-14
7
-11
-6
7
-10
-10
9
9
-75
-15
5
4
-11
-15
-12
-15
-15
3
2
6
-93
8
-109
7
1
-88
8
5
8
8
-10
-11
8
9
9
9
9
6
9
9
-10
8
10
-9
7
7
9
-4
-1
10
10
10
10
4
11
11
11
-8
8
5
7
-8
8
10
8
10
10
-10
8
-8
10
10
4
-11
1
-17
15
-27
-9
7
-27
8
9
6
-2
-13
-13
-12
-11
7
6
-76
5
5
-16
-14
3
-7
4
-151
-69
6
-17
4
