9
-9
8
-261
-10
-9
-388
-10
10
-10
8
8
-11
-28
10
9
9
10
-12
6
10
-13
-12
-13
6
-1563
-930
6
-209
-15
9
10
9
5
10
5
-146
-14
6
6
7
4
5
10
9
-16
-15
7
9
-2377
6
9
5
6
5
3
5
-16
-16
6
10
-16
-458
-16
9
-14
7
9
8
-16
-14
8
3
5
