1587
0
1
98
1
100
2
1539
1487
1633
5
1620
101
100
1
99
1417
0
5
1
99
100
1618
100
97
