0
16812
-1
-2
98
16741
15903
-1
98
-3
-3
98
-4
98
16649
15467
-5
15175
-1
-4
15029
-4
99
98
15514
-5
96
99
100
98
98
15795
99
15815
98
98
-8
-8
99
15525
-4
14914
-4
-4
-9
-9
-9
100
-4
-8
15254
-5
97
15103
-7
-7
-8
-7
95
98
-7
95
99
-5
100
16069
-9
-10
100
16304
-9
96
-5
-7
15012
-8
97
15258
14961
16398
100
16126
15825
-12
-12
-12
-12
99
-12
15955
-2
100
13757
15477
14775
-11
94
-11
100
98
15174
15445
98
98
-10
-10
98
-8
-9
98
15174
-9
-8
99
15051
-6
-7
-6
-2
102
98
14977
-6
99
101
105
17167
14848
-3
15855
15715
16418
-3
-3
-4
-3
-4
102
106
16498
-2
15653
-2
16388
17527
-1
17445
101
-3
-1
108
16650
98
16086
102
16226
99
109
110
17631
99
-6
-1
16769
100
-6
-1
100
109
99
107
16352
99
17440
-3
-2
-3
103
15022
-8
-5
14864
-2
-9
14501
14889
110
16567
-9
-5
-3
15333
17133
15413
-3
-4
-4
15060
108
-6
-4
97
98
15889
108
108
-3
-8
99
17244
98
-3
106
-9
108
15799
97
109
-5
108
-6
100
16290
103
-6
-8
15616
105
14758
-9
-6
-9
15608
97
-8
15815
-3
-9
102
106
97
106
-10
95
107
106
-5
-4
106
-10
